============================= test session starts ==============================
platform linux -- Python 3.9.18, pytest-8.3.3, pluggy-1.5.0
benchmark: 4.0.0 (defaults: timer=time.perf_counter disable_gc=False min_rounds=5 min_time=0.000005 max_time=1.0 calibration_precision=10 warmup=False warmup_iterations=100000)
rootdir: /home/amd/Projects/TweetSentimentExtractor-1
configfile: pytest.ini
plugins: anyio-4.6.2.post1, benchmark-4.0.0
collected 23 items

tests/test_app.py::test_predict_positive 
-------------------------------- live log call ---------------------------------
INFO     uvicorn:app.py:74 Prediction took 1.5261 seconds
INFO     httpx:_client.py:1038 HTTP Request: POST http://testserver/predict "HTTP/1.1 200 OK"
PASSED                                                                   [  4%]
tests/test_app.py::test_predict_negative 
-------------------------------- live log call ---------------------------------
INFO     uvicorn:app.py:74 Prediction took 0.1530 seconds
INFO     httpx:_client.py:1038 HTTP Request: POST http://testserver/predict "HTTP/1.1 200 OK"
PASSED                                                                   [  8%]
tests/test_benchmark.py::test_predict_latency 
-------------------------------- live log call ---------------------------------
INFO     uvicorn:app.py:74 Prediction took 0.0817 seconds
INFO     httpx:_client.py:1038 HTTP Request: POST http://testserver/predict "HTTP/1.1 200 OK"
INFO     uvicorn:app.py:74 Prediction took 0.0806 seconds
INFO     httpx:_client.py:1038 HTTP Request: POST http://testserver/predict "HTTP/1.1 200 OK"
INFO     uvicorn:app.py:74 Prediction took 0.0753 seconds
INFO     httpx:_client.py:1038 HTTP Request: POST http://testserver/predict "HTTP/1.1 200 OK"
INFO     uvicorn:app.py:74 Prediction took 0.0753 seconds
INFO     httpx:_client.py:1038 HTTP Request: POST http://testserver/predict "HTTP/1.1 200 OK"
INFO     uvicorn:app.py:74 Prediction took 0.0762 seconds
INFO     httpx:_client.py:1038 HTTP Request: POST http://testserver/predict "HTTP/1.1 200 OK"
INFO     uvicorn:app.py:74 Prediction took 0.0764 seconds
INFO     httpx:_client.py:1038 HTTP Request: POST http://testserver/predict "HTTP/1.1 200 OK"
INFO     uvicorn:app.py:74 Prediction took 0.0890 seconds
INFO     httpx:_client.py:1038 HTTP Request: POST http://testserver/predict "HTTP/1.1 200 OK"
INFO     uvicorn:app.py:74 Prediction took 0.0778 seconds
INFO     httpx:_client.py:1038 HTTP Request: POST http://testserver/predict "HTTP/1.1 200 OK"
INFO     uvicorn:app.py:74 Prediction took 0.0749 seconds
INFO     httpx:_client.py:1038 HTTP Request: POST http://testserver/predict "HTTP/1.1 200 OK"
INFO     uvicorn:app.py:74 Prediction took 0.0759 seconds
INFO     httpx:_client.py:1038 HTTP Request: POST http://testserver/predict "HTTP/1.1 200 OK"
INFO     uvicorn:app.py:74 Prediction took 0.0731 seconds
INFO     httpx:_client.py:1038 HTTP Request: POST http://testserver/predict "HTTP/1.1 200 OK"
INFO     uvicorn:app.py:74 Prediction took 0.0725 seconds
INFO     httpx:_client.py:1038 HTTP Request: POST http://testserver/predict "HTTP/1.1 200 OK"
INFO     uvicorn:app.py:74 Prediction took 0.0744 seconds
INFO     httpx:_client.py:1038 HTTP Request: POST http://testserver/predict "HTTP/1.1 200 OK"
INFO     uvicorn:app.py:74 Prediction took 0.0794 seconds
INFO     httpx:_client.py:1038 HTTP Request: POST http://testserver/predict "HTTP/1.1 200 OK"
PASSED                                                                   [ 13%]
tests/test_integration.py::test_root_endpoint 
-------------------------------- live log call ---------------------------------
INFO     httpx:_client.py:1038 HTTP Request: GET http://testserver/ "HTTP/1.1 200 OK"
PASSED                                                                   [ 17%]
tests/test_integration.py::test_predict_endpoint 
-------------------------------- live log call ---------------------------------
INFO     uvicorn:app.py:74 Prediction took 0.0820 seconds
INFO     httpx:_client.py:1038 HTTP Request: POST http://testserver/predict "HTTP/1.1 200 OK"
PASSED                                                                   [ 21%]
tests/test_integration.py::test_predict_empty_text 
-------------------------------- live log call ---------------------------------
INFO     uvicorn:app.py:74 Prediction took 0.0850 seconds
INFO     httpx:_client.py:1038 HTTP Request: POST http://testserver/predict "HTTP/1.1 200 OK"
PASSED                                                                   [ 26%]
tests/test_load.py::test_predict_load[request_payload0] 
-------------------------------- live log call ---------------------------------
INFO     uvicorn:app.py:74 Prediction took 0.0799 seconds
INFO     httpx:_client.py:1038 HTTP Request: POST http://testserver/predict "HTTP/1.1 200 OK"
INFO     uvicorn:app.py:74 Prediction took 0.0817 seconds
INFO     httpx:_client.py:1038 HTTP Request: POST http://testserver/predict "HTTP/1.1 200 OK"
INFO     uvicorn:app.py:74 Prediction took 0.0820 seconds
INFO     httpx:_client.py:1038 HTTP Request: POST http://testserver/predict "HTTP/1.1 200 OK"
INFO     uvicorn:app.py:74 Prediction took 0.0841 seconds
INFO     httpx:_client.py:1038 HTTP Request: POST http://testserver/predict "HTTP/1.1 200 OK"
INFO     uvicorn:app.py:74 Prediction took 0.0829 seconds
INFO     httpx:_client.py:1038 HTTP Request: POST http://testserver/predict "HTTP/1.1 200 OK"
INFO     uvicorn:app.py:74 Prediction took 0.0839 seconds
INFO     httpx:_client.py:1038 HTTP Request: POST http://testserver/predict "HTTP/1.1 200 OK"
INFO     uvicorn:app.py:74 Prediction took 0.0821 seconds
INFO     httpx:_client.py:1038 HTTP Request: POST http://testserver/predict "HTTP/1.1 200 OK"
INFO     uvicorn:app.py:74 Prediction took 0.0802 seconds
INFO     httpx:_client.py:1038 HTTP Request: POST http://testserver/predict "HTTP/1.1 200 OK"
INFO     uvicorn:app.py:74 Prediction took 0.0809 seconds
INFO     httpx:_client.py:1038 HTTP Request: POST http://testserver/predict "HTTP/1.1 200 OK"
INFO     uvicorn:app.py:74 Prediction took 0.0828 seconds
INFO     httpx:_client.py:1038 HTTP Request: POST http://testserver/predict "HTTP/1.1 200 OK"
INFO     uvicorn:app.py:74 Prediction took 0.0893 seconds
INFO     httpx:_client.py:1038 HTTP Request: POST http://testserver/predict "HTTP/1.1 200 OK"
INFO     uvicorn:app.py:74 Prediction took 0.0860 seconds
INFO     httpx:_client.py:1038 HTTP Request: POST http://testserver/predict "HTTP/1.1 200 OK"
INFO     uvicorn:app.py:74 Prediction took 0.0851 seconds
INFO     httpx:_client.py:1038 HTTP Request: POST http://testserver/predict "HTTP/1.1 200 OK"
INFO     uvicorn:app.py:74 Prediction took 0.0832 seconds
INFO     httpx:_client.py:1038 HTTP Request: POST http://testserver/predict "HTTP/1.1 200 OK"
INFO     uvicorn:app.py:74 Prediction took 0.0842 seconds
INFO     httpx:_client.py:1038 HTTP Request: POST http://testserver/predict "HTTP/1.1 200 OK"
PASSED                                                                   [ 30%]
tests/test_load.py::test_predict_load[request_payload1] 
-------------------------------- live log call ---------------------------------
INFO     uvicorn:app.py:74 Prediction took 0.0893 seconds
INFO     httpx:_client.py:1038 HTTP Request: POST http://testserver/predict "HTTP/1.1 200 OK"
INFO     uvicorn:app.py:74 Prediction took 0.0872 seconds
INFO     httpx:_client.py:1038 HTTP Request: POST http://testserver/predict "HTTP/1.1 200 OK"
INFO     uvicorn:app.py:74 Prediction took 0.0878 seconds
INFO     httpx:_client.py:1038 HTTP Request: POST http://testserver/predict "HTTP/1.1 200 OK"
INFO     uvicorn:app.py:74 Prediction took 0.0845 seconds
INFO     httpx:_client.py:1038 HTTP Request: POST http://testserver/predict "HTTP/1.1 200 OK"
INFO     uvicorn:app.py:74 Prediction took 0.0854 seconds
INFO     httpx:_client.py:1038 HTTP Request: POST http://testserver/predict "HTTP/1.1 200 OK"
INFO     uvicorn:app.py:74 Prediction took 0.0858 seconds
INFO     httpx:_client.py:1038 HTTP Request: POST http://testserver/predict "HTTP/1.1 200 OK"
INFO     uvicorn:app.py:74 Prediction took 0.0842 seconds
INFO     httpx:_client.py:1038 HTTP Request: POST http://testserver/predict "HTTP/1.1 200 OK"
INFO     uvicorn:app.py:74 Prediction took 0.0873 seconds
INFO     httpx:_client.py:1038 HTTP Request: POST http://testserver/predict "HTTP/1.1 200 OK"
INFO     uvicorn:app.py:74 Prediction took 0.0913 seconds
INFO     httpx:_client.py:1038 HTTP Request: POST http://testserver/predict "HTTP/1.1 200 OK"
INFO     uvicorn:app.py:74 Prediction took 0.0859 seconds
INFO     httpx:_client.py:1038 HTTP Request: POST http://testserver/predict "HTTP/1.1 200 OK"
INFO     uvicorn:app.py:74 Prediction took 0.0872 seconds
INFO     httpx:_client.py:1038 HTTP Request: POST http://testserver/predict "HTTP/1.1 200 OK"
INFO     uvicorn:app.py:74 Prediction took 0.0851 seconds
INFO     httpx:_client.py:1038 HTTP Request: POST http://testserver/predict "HTTP/1.1 200 OK"
INFO     uvicorn:app.py:74 Prediction took 0.0950 seconds
INFO     httpx:_client.py:1038 HTTP Request: POST http://testserver/predict "HTTP/1.1 200 OK"
PASSED                                                                   [ 34%]
tests/test_load.py::test_predict_load[request_payload2] 
-------------------------------- live log call ---------------------------------
INFO     uvicorn:app.py:74 Prediction took 0.0886 seconds
INFO     httpx:_client.py:1038 HTTP Request: POST http://testserver/predict "HTTP/1.1 200 OK"
INFO     uvicorn:app.py:74 Prediction took 0.0894 seconds
INFO     httpx:_client.py:1038 HTTP Request: POST http://testserver/predict "HTTP/1.1 200 OK"
INFO     uvicorn:app.py:74 Prediction took 0.0873 seconds
INFO     httpx:_client.py:1038 HTTP Request: POST http://testserver/predict "HTTP/1.1 200 OK"
INFO     uvicorn:app.py:74 Prediction took 0.0860 seconds
INFO     httpx:_client.py:1038 HTTP Request: POST http://testserver/predict "HTTP/1.1 200 OK"
INFO     uvicorn:app.py:74 Prediction took 0.0881 seconds
INFO     httpx:_client.py:1038 HTTP Request: POST http://testserver/predict "HTTP/1.1 200 OK"
INFO     uvicorn:app.py:74 Prediction took 0.0941 seconds
INFO     httpx:_client.py:1038 HTTP Request: POST http://testserver/predict "HTTP/1.1 200 OK"
INFO     uvicorn:app.py:74 Prediction took 0.0874 seconds
INFO     httpx:_client.py:1038 HTTP Request: POST http://testserver/predict "HTTP/1.1 200 OK"
INFO     uvicorn:app.py:74 Prediction took 0.0900 seconds
INFO     httpx:_client.py:1038 HTTP Request: POST http://testserver/predict "HTTP/1.1 200 OK"
INFO     uvicorn:app.py:74 Prediction took 0.0895 seconds
INFO     httpx:_client.py:1038 HTTP Request: POST http://testserver/predict "HTTP/1.1 200 OK"
INFO     uvicorn:app.py:74 Prediction took 0.0871 seconds
INFO     httpx:_client.py:1038 HTTP Request: POST http://testserver/predict "HTTP/1.1 200 OK"
INFO     uvicorn:app.py:74 Prediction took 0.0912 seconds
INFO     httpx:_client.py:1038 HTTP Request: POST http://testserver/predict "HTTP/1.1 200 OK"
INFO     uvicorn:app.py:74 Prediction took 0.0927 seconds
INFO     httpx:_client.py:1038 HTTP Request: POST http://testserver/predict "HTTP/1.1 200 OK"
INFO     uvicorn:app.py:74 Prediction took 0.0920 seconds
INFO     httpx:_client.py:1038 HTTP Request: POST http://testserver/predict "HTTP/1.1 200 OK"
PASSED                                                                   [ 39%]
tests/test_load.py::test_predict_load[request_payload3] 
-------------------------------- live log call ---------------------------------
INFO     uvicorn:app.py:74 Prediction took 0.0921 seconds
INFO     httpx:_client.py:1038 HTTP Request: POST http://testserver/predict "HTTP/1.1 200 OK"
INFO     uvicorn:app.py:74 Prediction took 0.0899 seconds
INFO     httpx:_client.py:1038 HTTP Request: POST http://testserver/predict "HTTP/1.1 200 OK"
INFO     uvicorn:app.py:74 Prediction took 0.0887 seconds
INFO     httpx:_client.py:1038 HTTP Request: POST http://testserver/predict "HTTP/1.1 200 OK"
INFO     uvicorn:app.py:74 Prediction took 0.0909 seconds
INFO     httpx:_client.py:1038 HTTP Request: POST http://testserver/predict "HTTP/1.1 200 OK"
INFO     uvicorn:app.py:74 Prediction took 0.0918 seconds
INFO     httpx:_client.py:1038 HTTP Request: POST http://testserver/predict "HTTP/1.1 200 OK"
INFO     uvicorn:app.py:74 Prediction took 0.0950 seconds
INFO     httpx:_client.py:1038 HTTP Request: POST http://testserver/predict "HTTP/1.1 200 OK"
INFO     uvicorn:app.py:74 Prediction took 0.0941 seconds
INFO     httpx:_client.py:1038 HTTP Request: POST http://testserver/predict "HTTP/1.1 200 OK"
INFO     uvicorn:app.py:74 Prediction took 0.0913 seconds
INFO     httpx:_client.py:1038 HTTP Request: POST http://testserver/predict "HTTP/1.1 200 OK"
INFO     uvicorn:app.py:74 Prediction took 0.0907 seconds
INFO     httpx:_client.py:1038 HTTP Request: POST http://testserver/predict "HTTP/1.1 200 OK"
INFO     uvicorn:app.py:74 Prediction took 0.1007 seconds
INFO     httpx:_client.py:1038 HTTP Request: POST http://testserver/predict "HTTP/1.1 200 OK"
INFO     uvicorn:app.py:74 Prediction took 0.1756 seconds
INFO     httpx:_client.py:1038 HTTP Request: POST http://testserver/predict "HTTP/1.1 200 OK"
INFO     uvicorn:app.py:74 Prediction took 0.0968 seconds
INFO     httpx:_client.py:1038 HTTP Request: POST http://testserver/predict "HTTP/1.1 200 OK"
INFO     uvicorn:app.py:74 Prediction took 0.0866 seconds
INFO     httpx:_client.py:1038 HTTP Request: POST http://testserver/predict "HTTP/1.1 200 OK"
PASSED                                                                   [ 43%]
tests/test_load.py::test_predict_load[request_payload4] 
-------------------------------- live log call ---------------------------------
INFO     uvicorn:app.py:74 Prediction took 0.0864 seconds
INFO     httpx:_client.py:1038 HTTP Request: POST http://testserver/predict "HTTP/1.1 200 OK"
INFO     uvicorn:app.py:74 Prediction took 0.0848 seconds
INFO     httpx:_client.py:1038 HTTP Request: POST http://testserver/predict "HTTP/1.1 200 OK"
INFO     uvicorn:app.py:74 Prediction took 0.0822 seconds
INFO     httpx:_client.py:1038 HTTP Request: POST http://testserver/predict "HTTP/1.1 200 OK"
INFO     uvicorn:app.py:74 Prediction took 0.0899 seconds
INFO     httpx:_client.py:1038 HTTP Request: POST http://testserver/predict "HTTP/1.1 200 OK"
INFO     uvicorn:app.py:74 Prediction took 0.0813 seconds
INFO     httpx:_client.py:1038 HTTP Request: POST http://testserver/predict "HTTP/1.1 200 OK"
INFO     uvicorn:app.py:74 Prediction took 0.0862 seconds
INFO     httpx:_client.py:1038 HTTP Request: POST http://testserver/predict "HTTP/1.1 200 OK"
INFO     uvicorn:app.py:74 Prediction took 0.0818 seconds
INFO     httpx:_client.py:1038 HTTP Request: POST http://testserver/predict "HTTP/1.1 200 OK"
INFO     uvicorn:app.py:74 Prediction took 0.0879 seconds
INFO     httpx:_client.py:1038 HTTP Request: POST http://testserver/predict "HTTP/1.1 200 OK"
INFO     uvicorn:app.py:74 Prediction took 0.0838 seconds
INFO     httpx:_client.py:1038 HTTP Request: POST http://testserver/predict "HTTP/1.1 200 OK"
INFO     uvicorn:app.py:74 Prediction took 0.0829 seconds
INFO     httpx:_client.py:1038 HTTP Request: POST http://testserver/predict "HTTP/1.1 200 OK"
INFO     uvicorn:app.py:74 Prediction took 0.0844 seconds
INFO     httpx:_client.py:1038 HTTP Request: POST http://testserver/predict "HTTP/1.1 200 OK"
INFO     uvicorn:app.py:74 Prediction took 0.0867 seconds
INFO     httpx:_client.py:1038 HTTP Request: POST http://testserver/predict "HTTP/1.1 200 OK"
INFO     uvicorn:app.py:74 Prediction took 0.0832 seconds
INFO     httpx:_client.py:1038 HTTP Request: POST http://testserver/predict "HTTP/1.1 200 OK"
INFO     uvicorn:app.py:74 Prediction took 0.0818 seconds
INFO     httpx:_client.py:1038 HTTP Request: POST http://testserver/predict "HTTP/1.1 200 OK"
PASSED                                                                   [ 47%]
tests/test_load.py::test_predict_load[request_payload5] 
-------------------------------- live log call ---------------------------------
INFO     uvicorn:app.py:74 Prediction took 0.1072 seconds
INFO     httpx:_client.py:1038 HTTP Request: POST http://testserver/predict "HTTP/1.1 200 OK"
INFO     uvicorn:app.py:74 Prediction took 0.1060 seconds
INFO     httpx:_client.py:1038 HTTP Request: POST http://testserver/predict "HTTP/1.1 200 OK"
INFO     uvicorn:app.py:74 Prediction took 0.1026 seconds
INFO     httpx:_client.py:1038 HTTP Request: POST http://testserver/predict "HTTP/1.1 200 OK"
INFO     uvicorn:app.py:74 Prediction took 0.1059 seconds
INFO     httpx:_client.py:1038 HTTP Request: POST http://testserver/predict "HTTP/1.1 200 OK"
INFO     uvicorn:app.py:74 Prediction took 0.0862 seconds
INFO     httpx:_client.py:1038 HTTP Request: POST http://testserver/predict "HTTP/1.1 200 OK"
INFO     uvicorn:app.py:74 Prediction took 0.0858 seconds
INFO     httpx:_client.py:1038 HTTP Request: POST http://testserver/predict "HTTP/1.1 200 OK"
INFO     uvicorn:app.py:74 Prediction took 0.0859 seconds
INFO     httpx:_client.py:1038 HTTP Request: POST http://testserver/predict "HTTP/1.1 200 OK"
INFO     uvicorn:app.py:74 Prediction took 0.0819 seconds
INFO     httpx:_client.py:1038 HTTP Request: POST http://testserver/predict "HTTP/1.1 200 OK"
INFO     uvicorn:app.py:74 Prediction took 0.0840 seconds
INFO     httpx:_client.py:1038 HTTP Request: POST http://testserver/predict "HTTP/1.1 200 OK"
INFO     uvicorn:app.py:74 Prediction took 0.0884 seconds
INFO     httpx:_client.py:1038 HTTP Request: POST http://testserver/predict "HTTP/1.1 200 OK"
INFO     uvicorn:app.py:74 Prediction took 0.0841 seconds
INFO     httpx:_client.py:1038 HTTP Request: POST http://testserver/predict "HTTP/1.1 200 OK"
INFO     uvicorn:app.py:74 Prediction took 0.0832 seconds
INFO     httpx:_client.py:1038 HTTP Request: POST http://testserver/predict "HTTP/1.1 200 OK"
PASSED                                                                   [ 52%]
tests/test_load.py::test_predict_concurrency[request_payload0] 
-------------------------------- live log call ---------------------------------
INFO     uvicorn:app.py:74 Prediction took 0.0806 seconds
INFO     httpx:_client.py:1038 HTTP Request: POST http://testserver/predict "HTTP/1.1 200 OK"
INFO     uvicorn:app.py:74 Prediction took 0.0818 seconds
INFO     httpx:_client.py:1038 HTTP Request: POST http://testserver/predict "HTTP/1.1 200 OK"
INFO     uvicorn:app.py:74 Prediction took 0.0829 seconds
INFO     httpx:_client.py:1038 HTTP Request: POST http://testserver/predict "HTTP/1.1 200 OK"
INFO     uvicorn:app.py:74 Prediction took 0.0865 seconds
INFO     httpx:_client.py:1038 HTTP Request: POST http://testserver/predict "HTTP/1.1 200 OK"
INFO     uvicorn:app.py:74 Prediction took 0.0859 seconds
INFO     httpx:_client.py:1038 HTTP Request: POST http://testserver/predict "HTTP/1.1 200 OK"
INFO     uvicorn:app.py:74 Prediction took 0.0835 seconds
INFO     httpx:_client.py:1038 HTTP Request: POST http://testserver/predict "HTTP/1.1 200 OK"
INFO     uvicorn:app.py:74 Prediction took 0.0831 seconds
INFO     httpx:_client.py:1038 HTTP Request: POST http://testserver/predict "HTTP/1.1 200 OK"
INFO     uvicorn:app.py:74 Prediction took 0.0810 seconds
INFO     httpx:_client.py:1038 HTTP Request: POST http://testserver/predict "HTTP/1.1 200 OK"
INFO     uvicorn:app.py:74 Prediction took 0.0831 seconds
INFO     httpx:_client.py:1038 HTTP Request: POST http://testserver/predict "HTTP/1.1 200 OK"
INFO     uvicorn:app.py:74 Prediction took 0.0827 seconds
INFO     httpx:_client.py:1038 HTTP Request: POST http://testserver/predict "HTTP/1.1 200 OK"
INFO     uvicorn:app.py:74 Prediction took 0.0801 seconds
INFO     httpx:_client.py:1038 HTTP Request: POST http://testserver/predict "HTTP/1.1 200 OK"
INFO     uvicorn:app.py:74 Prediction took 0.0817 seconds
INFO     httpx:_client.py:1038 HTTP Request: POST http://testserver/predict "HTTP/1.1 200 OK"
INFO     uvicorn:app.py:74 Prediction took 0.0851 seconds
INFO     httpx:_client.py:1038 HTTP Request: POST http://testserver/predict "HTTP/1.1 200 OK"
INFO     uvicorn:app.py:74 Prediction took 0.0879 seconds
INFO     httpx:_client.py:1038 HTTP Request: POST http://testserver/predict "HTTP/1.1 200 OK"
INFO     uvicorn:app.py:74 Prediction took 0.0940 seconds
INFO     httpx:_client.py:1038 HTTP Request: POST http://testserver/predict "HTTP/1.1 200 OK"
INFO     uvicorn:app.py:74 Prediction took 0.2712 seconds
INFO     httpx:_client.py:1038 HTTP Request: POST http://testserver/predict "HTTP/1.1 200 OK"
INFO     uvicorn:app.py:74 Prediction took 0.1012 seconds
INFO     httpx:_client.py:1038 HTTP Request: POST http://testserver/predict "HTTP/1.1 200 OK"
INFO     uvicorn:app.py:74 Prediction took 0.1005 seconds
INFO     httpx:_client.py:1038 HTTP Request: POST http://testserver/predict "HTTP/1.1 200 OK"
INFO     uvicorn:app.py:74 Prediction took 0.1827 seconds
INFO     httpx:_client.py:1038 HTTP Request: POST http://testserver/predict "HTTP/1.1 200 OK"
INFO     uvicorn:app.py:74 Prediction took 0.0955 seconds
INFO     httpx:_client.py:1038 HTTP Request: POST http://testserver/predict "HTTP/1.1 200 OK"
INFO     uvicorn:app.py:74 Prediction took 0.0971 seconds
INFO     httpx:_client.py:1038 HTTP Request: POST http://testserver/predict "HTTP/1.1 200 OK"
INFO     uvicorn:app.py:74 Prediction took 0.1098 seconds
INFO     httpx:_client.py:1038 HTTP Request: POST http://testserver/predict "HTTP/1.1 200 OK"
INFO     uvicorn:app.py:74 Prediction took 0.1113 seconds
INFO     httpx:_client.py:1038 HTTP Request: POST http://testserver/predict "HTTP/1.1 200 OK"
INFO     uvicorn:app.py:74 Prediction took 0.1192 seconds
INFO     httpx:_client.py:1038 HTTP Request: POST http://testserver/predict "HTTP/1.1 200 OK"
INFO     uvicorn:app.py:74 Prediction took 0.1235 seconds
INFO     httpx:_client.py:1038 HTTP Request: POST http://testserver/predict "HTTP/1.1 200 OK"
INFO     uvicorn:app.py:74 Prediction took 0.1231 seconds
INFO     httpx:_client.py:1038 HTTP Request: POST http://testserver/predict "HTTP/1.1 200 OK"
INFO     uvicorn:app.py:74 Prediction took 0.1119 seconds
INFO     httpx:_client.py:1038 HTTP Request: POST http://testserver/predict "HTTP/1.1 200 OK"
INFO     uvicorn:app.py:74 Prediction took 0.1140 seconds
INFO     httpx:_client.py:1038 HTTP Request: POST http://testserver/predict "HTTP/1.1 200 OK"
INFO     uvicorn:app.py:74 Prediction took 0.1123 seconds
INFO     httpx:_client.py:1038 HTTP Request: POST http://testserver/predict "HTTP/1.1 200 OK"
INFO     uvicorn:app.py:74 Prediction took 0.1186 seconds
INFO     httpx:_client.py:1038 HTTP Request: POST http://testserver/predict "HTTP/1.1 200 OK"
INFO     uvicorn:app.py:74 Prediction took 0.1169 seconds
INFO     httpx:_client.py:1038 HTTP Request: POST http://testserver/predict "HTTP/1.1 200 OK"
INFO     uvicorn:app.py:74 Prediction took 0.1141 seconds
INFO     httpx:_client.py:1038 HTTP Request: POST http://testserver/predict "HTTP/1.1 200 OK"
INFO     uvicorn:app.py:74 Prediction took 0.1125 seconds
INFO     httpx:_client.py:1038 HTTP Request: POST http://testserver/predict "HTTP/1.1 200 OK"
INFO     uvicorn:app.py:74 Prediction took 0.1246 seconds
INFO     httpx:_client.py:1038 HTTP Request: POST http://testserver/predict "HTTP/1.1 200 OK"
INFO     uvicorn:app.py:74 Prediction took 0.1154 seconds
INFO     httpx:_client.py:1038 HTTP Request: POST http://testserver/predict "HTTP/1.1 200 OK"
INFO     uvicorn:app.py:74 Prediction took 0.1156 seconds
INFO     httpx:_client.py:1038 HTTP Request: POST http://testserver/predict "HTTP/1.1 200 OK"
INFO     uvicorn:app.py:74 Prediction took 0.1110 seconds
INFO     httpx:_client.py:1038 HTTP Request: POST http://testserver/predict "HTTP/1.1 200 OK"
INFO     uvicorn:app.py:74 Prediction took 0.1121 seconds
INFO     httpx:_client.py:1038 HTTP Request: POST http://testserver/predict "HTTP/1.1 200 OK"
INFO     uvicorn:app.py:74 Prediction took 0.1157 seconds
INFO     httpx:_client.py:1038 HTTP Request: POST http://testserver/predict "HTTP/1.1 200 OK"
INFO     uvicorn:app.py:74 Prediction took 0.1180 seconds
INFO     httpx:_client.py:1038 HTTP Request: POST http://testserver/predict "HTTP/1.1 200 OK"
INFO     uvicorn:app.py:74 Prediction took 0.1144 seconds
INFO     httpx:_client.py:1038 HTTP Request: POST http://testserver/predict "HTTP/1.1 200 OK"
INFO     uvicorn:app.py:74 Prediction took 0.1129 seconds
INFO     httpx:_client.py:1038 HTTP Request: POST http://testserver/predict "HTTP/1.1 200 OK"
INFO     uvicorn:app.py:74 Prediction took 0.1092 seconds
INFO     httpx:_client.py:1038 HTTP Request: POST http://testserver/predict "HTTP/1.1 200 OK"
INFO     uvicorn:app.py:74 Prediction took 0.1058 seconds
INFO     httpx:_client.py:1038 HTTP Request: POST http://testserver/predict "HTTP/1.1 200 OK"
INFO     uvicorn:app.py:74 Prediction took 0.1113 seconds
INFO     httpx:_client.py:1038 HTTP Request: POST http://testserver/predict "HTTP/1.1 200 OK"
INFO     uvicorn:app.py:74 Prediction took 0.1081 seconds
INFO     httpx:_client.py:1038 HTTP Request: POST http://testserver/predict "HTTP/1.1 200 OK"
INFO     uvicorn:app.py:74 Prediction took 0.1114 seconds
INFO     httpx:_client.py:1038 HTTP Request: POST http://testserver/predict "HTTP/1.1 200 OK"
INFO     uvicorn:app.py:74 Prediction took 0.1090 seconds
INFO     httpx:_client.py:1038 HTTP Request: POST http://testserver/predict "HTTP/1.1 200 OK"
INFO     uvicorn:app.py:74 Prediction took 0.1125 seconds
INFO     httpx:_client.py:1038 HTTP Request: POST http://testserver/predict "HTTP/1.1 200 OK"
INFO     uvicorn:app.py:74 Prediction took 0.1065 seconds
INFO     httpx:_client.py:1038 HTTP Request: POST http://testserver/predict "HTTP/1.1 200 OK"
INFO     uvicorn:app.py:74 Prediction took 0.1085 seconds
INFO     httpx:_client.py:1038 HTTP Request: POST http://testserver/predict "HTTP/1.1 200 OK"
INFO     uvicorn:app.py:74 Prediction took 0.1176 seconds
INFO     httpx:_client.py:1038 HTTP Request: POST http://testserver/predict "HTTP/1.1 200 OK"
INFO     uvicorn:app.py:74 Prediction took 0.1098 seconds
INFO     httpx:_client.py:1038 HTTP Request: POST http://testserver/predict "HTTP/1.1 200 OK"
INFO     uvicorn:app.py:74 Prediction took 0.1171 seconds
INFO     httpx:_client.py:1038 HTTP Request: POST http://testserver/predict "HTTP/1.1 200 OK"
INFO     uvicorn:app.py:74 Prediction took 0.1073 seconds
INFO     httpx:_client.py:1038 HTTP Request: POST http://testserver/predict "HTTP/1.1 200 OK"
INFO     uvicorn:app.py:74 Prediction took 0.1117 seconds
INFO     httpx:_client.py:1038 HTTP Request: POST http://testserver/predict "HTTP/1.1 200 OK"
INFO     uvicorn:app.py:74 Prediction took 0.1095 seconds
INFO     httpx:_client.py:1038 HTTP Request: POST http://testserver/predict "HTTP/1.1 200 OK"
INFO     uvicorn:app.py:74 Prediction took 0.1130 seconds
INFO     httpx:_client.py:1038 HTTP Request: POST http://testserver/predict "HTTP/1.1 200 OK"
INFO     uvicorn:app.py:74 Prediction took 0.1111 seconds
INFO     httpx:_client.py:1038 HTTP Request: POST http://testserver/predict "HTTP/1.1 200 OK"
INFO     uvicorn:app.py:74 Prediction took 0.1094 seconds
INFO     httpx:_client.py:1038 HTTP Request: POST http://testserver/predict "HTTP/1.1 200 OK"
INFO     uvicorn:app.py:74 Prediction took 0.1157 seconds
INFO     httpx:_client.py:1038 HTTP Request: POST http://testserver/predict "HTTP/1.1 200 OK"
PASSED                                                                   [ 56%]
tests/test_load.py::test_predict_concurrency[request_payload1] 
-------------------------------- live log call ---------------------------------
INFO     uvicorn:app.py:74 Prediction took 0.1074 seconds
INFO     httpx:_client.py:1038 HTTP Request: POST http://testserver/predict "HTTP/1.1 200 OK"
INFO     uvicorn:app.py:74 Prediction took 0.1084 seconds
INFO     httpx:_client.py:1038 HTTP Request: POST http://testserver/predict "HTTP/1.1 200 OK"
INFO     uvicorn:app.py:74 Prediction took 0.1174 seconds
INFO     httpx:_client.py:1038 HTTP Request: POST http://testserver/predict "HTTP/1.1 200 OK"
INFO     uvicorn:app.py:74 Prediction took 0.1084 seconds
INFO     httpx:_client.py:1038 HTTP Request: POST http://testserver/predict "HTTP/1.1 200 OK"
INFO     uvicorn:app.py:74 Prediction took 0.1083 seconds
INFO     httpx:_client.py:1038 HTTP Request: POST http://testserver/predict "HTTP/1.1 200 OK"
INFO     uvicorn:app.py:74 Prediction took 0.1087 seconds
INFO     httpx:_client.py:1038 HTTP Request: POST http://testserver/predict "HTTP/1.1 200 OK"
INFO     uvicorn:app.py:74 Prediction took 0.1087 seconds
INFO     httpx:_client.py:1038 HTTP Request: POST http://testserver/predict "HTTP/1.1 200 OK"
INFO     uvicorn:app.py:74 Prediction took 0.1068 seconds
INFO     httpx:_client.py:1038 HTTP Request: POST http://testserver/predict "HTTP/1.1 200 OK"
INFO     uvicorn:app.py:74 Prediction took 0.1133 seconds
INFO     httpx:_client.py:1038 HTTP Request: POST http://testserver/predict "HTTP/1.1 200 OK"
INFO     uvicorn:app.py:74 Prediction took 0.1159 seconds
INFO     httpx:_client.py:1038 HTTP Request: POST http://testserver/predict "HTTP/1.1 200 OK"
INFO     uvicorn:app.py:74 Prediction took 0.1097 seconds
INFO     httpx:_client.py:1038 HTTP Request: POST http://testserver/predict "HTTP/1.1 200 OK"
INFO     uvicorn:app.py:74 Prediction took 0.1135 seconds
INFO     httpx:_client.py:1038 HTTP Request: POST http://testserver/predict "HTTP/1.1 200 OK"
INFO     uvicorn:app.py:74 Prediction took 0.1097 seconds
INFO     httpx:_client.py:1038 HTTP Request: POST http://testserver/predict "HTTP/1.1 200 OK"
INFO     uvicorn:app.py:74 Prediction took 0.1100 seconds
INFO     httpx:_client.py:1038 HTTP Request: POST http://testserver/predict "HTTP/1.1 200 OK"
INFO     uvicorn:app.py:74 Prediction took 0.1107 seconds
INFO     httpx:_client.py:1038 HTTP Request: POST http://testserver/predict "HTTP/1.1 200 OK"
INFO     uvicorn:app.py:74 Prediction took 0.1091 seconds
INFO     httpx:_client.py:1038 HTTP Request: POST http://testserver/predict "HTTP/1.1 200 OK"
INFO     uvicorn:app.py:74 Prediction took 0.1050 seconds
INFO     httpx:_client.py:1038 HTTP Request: POST http://testserver/predict "HTTP/1.1 200 OK"
INFO     uvicorn:app.py:74 Prediction took 0.1037 seconds
INFO     httpx:_client.py:1038 HTTP Request: POST http://testserver/predict "HTTP/1.1 200 OK"
INFO     uvicorn:app.py:74 Prediction took 0.1104 seconds
INFO     httpx:_client.py:1038 HTTP Request: POST http://testserver/predict "HTTP/1.1 200 OK"
INFO     uvicorn:app.py:74 Prediction took 0.1052 seconds
INFO     httpx:_client.py:1038 HTTP Request: POST http://testserver/predict "HTTP/1.1 200 OK"
INFO     uvicorn:app.py:74 Prediction took 0.1085 seconds
INFO     httpx:_client.py:1038 HTTP Request: POST http://testserver/predict "HTTP/1.1 200 OK"
INFO     uvicorn:app.py:74 Prediction took 0.1096 seconds
INFO     httpx:_client.py:1038 HTTP Request: POST http://testserver/predict "HTTP/1.1 200 OK"
INFO     uvicorn:app.py:74 Prediction took 0.1082 seconds
INFO     httpx:_client.py:1038 HTTP Request: POST http://testserver/predict "HTTP/1.1 200 OK"
INFO     uvicorn:app.py:74 Prediction took 0.1052 seconds
INFO     httpx:_client.py:1038 HTTP Request: POST http://testserver/predict "HTTP/1.1 200 OK"
INFO     uvicorn:app.py:74 Prediction took 0.1101 seconds
INFO     httpx:_client.py:1038 HTTP Request: POST http://testserver/predict "HTTP/1.1 200 OK"
INFO     uvicorn:app.py:74 Prediction took 0.1108 seconds
INFO     httpx:_client.py:1038 HTTP Request: POST http://testserver/predict "HTTP/1.1 200 OK"
INFO     uvicorn:app.py:74 Prediction took 0.1341 seconds
INFO     httpx:_client.py:1038 HTTP Request: POST http://testserver/predict "HTTP/1.1 200 OK"
INFO     uvicorn:app.py:74 Prediction took 0.1131 seconds
INFO     httpx:_client.py:1038 HTTP Request: POST http://testserver/predict "HTTP/1.1 200 OK"
INFO     uvicorn:app.py:74 Prediction took 0.1105 seconds
INFO     httpx:_client.py:1038 HTTP Request: POST http://testserver/predict "HTTP/1.1 200 OK"
INFO     uvicorn:app.py:74 Prediction took 0.1115 seconds
INFO     httpx:_client.py:1038 HTTP Request: POST http://testserver/predict "HTTP/1.1 200 OK"
INFO     uvicorn:app.py:74 Prediction took 0.1110 seconds
INFO     httpx:_client.py:1038 HTTP Request: POST http://testserver/predict "HTTP/1.1 200 OK"
INFO     uvicorn:app.py:74 Prediction took 0.1077 seconds
INFO     httpx:_client.py:1038 HTTP Request: POST http://testserver/predict "HTTP/1.1 200 OK"
INFO     uvicorn:app.py:74 Prediction took 0.1133 seconds
INFO     httpx:_client.py:1038 HTTP Request: POST http://testserver/predict "HTTP/1.1 200 OK"
INFO     uvicorn:app.py:74 Prediction took 0.1034 seconds
INFO     httpx:_client.py:1038 HTTP Request: POST http://testserver/predict "HTTP/1.1 200 OK"
INFO     uvicorn:app.py:74 Prediction took 0.1020 seconds
INFO     httpx:_client.py:1038 HTTP Request: POST http://testserver/predict "HTTP/1.1 200 OK"
INFO     uvicorn:app.py:74 Prediction took 0.1107 seconds
INFO     httpx:_client.py:1038 HTTP Request: POST http://testserver/predict "HTTP/1.1 200 OK"
INFO     uvicorn:app.py:74 Prediction took 0.1081 seconds
INFO     httpx:_client.py:1038 HTTP Request: POST http://testserver/predict "HTTP/1.1 200 OK"
INFO     uvicorn:app.py:74 Prediction took 0.1109 seconds
INFO     httpx:_client.py:1038 HTTP Request: POST http://testserver/predict "HTTP/1.1 200 OK"
INFO     uvicorn:app.py:74 Prediction took 0.1067 seconds
INFO     httpx:_client.py:1038 HTTP Request: POST http://testserver/predict "HTTP/1.1 200 OK"
INFO     uvicorn:app.py:74 Prediction took 0.1072 seconds
INFO     httpx:_client.py:1038 HTTP Request: POST http://testserver/predict "HTTP/1.1 200 OK"
INFO     uvicorn:app.py:74 Prediction took 0.1050 seconds
INFO     httpx:_client.py:1038 HTTP Request: POST http://testserver/predict "HTTP/1.1 200 OK"
INFO     uvicorn:app.py:74 Prediction took 0.1038 seconds
INFO     httpx:_client.py:1038 HTTP Request: POST http://testserver/predict "HTTP/1.1 200 OK"
INFO     uvicorn:app.py:74 Prediction took 0.1050 seconds
INFO     httpx:_client.py:1038 HTTP Request: POST http://testserver/predict "HTTP/1.1 200 OK"
INFO     uvicorn:app.py:74 Prediction took 0.1041 seconds
INFO     httpx:_client.py:1038 HTTP Request: POST http://testserver/predict "HTTP/1.1 200 OK"
INFO     uvicorn:app.py:74 Prediction took 0.1086 seconds
INFO     httpx:_client.py:1038 HTTP Request: POST http://testserver/predict "HTTP/1.1 200 OK"
INFO     uvicorn:app.py:74 Prediction took 0.1078 seconds
INFO     httpx:_client.py:1038 HTTP Request: POST http://testserver/predict "HTTP/1.1 200 OK"
INFO     uvicorn:app.py:74 Prediction took 0.1060 seconds
INFO     httpx:_client.py:1038 HTTP Request: POST http://testserver/predict "HTTP/1.1 200 OK"
INFO     uvicorn:app.py:74 Prediction took 0.1119 seconds
INFO     httpx:_client.py:1038 HTTP Request: POST http://testserver/predict "HTTP/1.1 200 OK"
INFO     uvicorn:app.py:74 Prediction took 0.1059 seconds
INFO     httpx:_client.py:1038 HTTP Request: POST http://testserver/predict "HTTP/1.1 200 OK"
INFO     uvicorn:app.py:74 Prediction took 0.1044 seconds
INFO     httpx:_client.py:1038 HTTP Request: POST http://testserver/predict "HTTP/1.1 200 OK"
INFO     uvicorn:app.py:74 Prediction took 0.1101 seconds
INFO     httpx:_client.py:1038 HTTP Request: POST http://testserver/predict "HTTP/1.1 200 OK"
INFO     uvicorn:app.py:74 Prediction took 0.1026 seconds
INFO     httpx:_client.py:1038 HTTP Request: POST http://testserver/predict "HTTP/1.1 200 OK"
INFO     uvicorn:app.py:74 Prediction took 0.1082 seconds
INFO     httpx:_client.py:1038 HTTP Request: POST http://testserver/predict "HTTP/1.1 200 OK"
INFO     uvicorn:app.py:74 Prediction took 0.1018 seconds
INFO     httpx:_client.py:1038 HTTP Request: POST http://testserver/predict "HTTP/1.1 200 OK"
INFO     uvicorn:app.py:74 Prediction took 0.1055 seconds
INFO     httpx:_client.py:1038 HTTP Request: POST http://testserver/predict "HTTP/1.1 200 OK"
INFO     uvicorn:app.py:74 Prediction took 0.1089 seconds
INFO     httpx:_client.py:1038 HTTP Request: POST http://testserver/predict "HTTP/1.1 200 OK"
INFO     uvicorn:app.py:74 Prediction took 0.1129 seconds
INFO     httpx:_client.py:1038 HTTP Request: POST http://testserver/predict "HTTP/1.1 200 OK"
INFO     uvicorn:app.py:74 Prediction took 0.1039 seconds
INFO     httpx:_client.py:1038 HTTP Request: POST http://testserver/predict "HTTP/1.1 200 OK"
INFO     uvicorn:app.py:74 Prediction took 0.1028 seconds
INFO     httpx:_client.py:1038 HTTP Request: POST http://testserver/predict "HTTP/1.1 200 OK"
INFO     uvicorn:app.py:74 Prediction took 0.1042 seconds
INFO     httpx:_client.py:1038 HTTP Request: POST http://testserver/predict "HTTP/1.1 200 OK"
INFO     uvicorn:app.py:74 Prediction took 0.1057 seconds
INFO     httpx:_client.py:1038 HTTP Request: POST http://testserver/predict "HTTP/1.1 200 OK"
PASSED                                                                   [ 60%]
tests/test_load.py::test_predict_concurrency[request_payload2] 
-------------------------------- live log call ---------------------------------
INFO     uvicorn:app.py:74 Prediction took 0.1049 seconds
INFO     httpx:_client.py:1038 HTTP Request: POST http://testserver/predict "HTTP/1.1 200 OK"
INFO     uvicorn:app.py:74 Prediction took 0.1100 seconds
INFO     httpx:_client.py:1038 HTTP Request: POST http://testserver/predict "HTTP/1.1 200 OK"
INFO     uvicorn:app.py:74 Prediction took 0.1080 seconds
INFO     httpx:_client.py:1038 HTTP Request: POST http://testserver/predict "HTTP/1.1 200 OK"
INFO     uvicorn:app.py:74 Prediction took 0.1050 seconds
INFO     httpx:_client.py:1038 HTTP Request: POST http://testserver/predict "HTTP/1.1 200 OK"
INFO     uvicorn:app.py:74 Prediction took 0.1062 seconds
INFO     httpx:_client.py:1038 HTTP Request: POST http://testserver/predict "HTTP/1.1 200 OK"
INFO     uvicorn:app.py:74 Prediction took 0.1104 seconds
INFO     httpx:_client.py:1038 HTTP Request: POST http://testserver/predict "HTTP/1.1 200 OK"
INFO     uvicorn:app.py:74 Prediction took 0.1089 seconds
INFO     httpx:_client.py:1038 HTTP Request: POST http://testserver/predict "HTTP/1.1 200 OK"
INFO     uvicorn:app.py:74 Prediction took 0.1079 seconds
INFO     httpx:_client.py:1038 HTTP Request: POST http://testserver/predict "HTTP/1.1 200 OK"
INFO     uvicorn:app.py:74 Prediction took 0.1090 seconds
INFO     httpx:_client.py:1038 HTTP Request: POST http://testserver/predict "HTTP/1.1 200 OK"
INFO     uvicorn:app.py:74 Prediction took 0.1060 seconds
INFO     httpx:_client.py:1038 HTTP Request: POST http://testserver/predict "HTTP/1.1 200 OK"
INFO     uvicorn:app.py:74 Prediction took 0.1072 seconds
INFO     httpx:_client.py:1038 HTTP Request: POST http://testserver/predict "HTTP/1.1 200 OK"
INFO     uvicorn:app.py:74 Prediction took 0.1080 seconds
INFO     httpx:_client.py:1038 HTTP Request: POST http://testserver/predict "HTTP/1.1 200 OK"
INFO     uvicorn:app.py:74 Prediction took 0.1044 seconds
INFO     httpx:_client.py:1038 HTTP Request: POST http://testserver/predict "HTTP/1.1 200 OK"
INFO     uvicorn:app.py:74 Prediction took 0.1080 seconds
INFO     httpx:_client.py:1038 HTTP Request: POST http://testserver/predict "HTTP/1.1 200 OK"
INFO     uvicorn:app.py:74 Prediction took 0.1068 seconds
INFO     httpx:_client.py:1038 HTTP Request: POST http://testserver/predict "HTTP/1.1 200 OK"
INFO     uvicorn:app.py:74 Prediction took 0.1102 seconds
INFO     httpx:_client.py:1038 HTTP Request: POST http://testserver/predict "HTTP/1.1 200 OK"
INFO     uvicorn:app.py:74 Prediction took 0.1029 seconds
INFO     httpx:_client.py:1038 HTTP Request: POST http://testserver/predict "HTTP/1.1 200 OK"
INFO     uvicorn:app.py:74 Prediction took 0.1024 seconds
INFO     httpx:_client.py:1038 HTTP Request: POST http://testserver/predict "HTTP/1.1 200 OK"
INFO     uvicorn:app.py:74 Prediction took 0.1080 seconds
INFO     httpx:_client.py:1038 HTTP Request: POST http://testserver/predict "HTTP/1.1 200 OK"
INFO     uvicorn:app.py:74 Prediction took 0.1087 seconds
INFO     httpx:_client.py:1038 HTTP Request: POST http://testserver/predict "HTTP/1.1 200 OK"
INFO     uvicorn:app.py:74 Prediction took 0.1054 seconds
INFO     httpx:_client.py:1038 HTTP Request: POST http://testserver/predict "HTTP/1.1 200 OK"
INFO     uvicorn:app.py:74 Prediction took 0.1071 seconds
INFO     httpx:_client.py:1038 HTTP Request: POST http://testserver/predict "HTTP/1.1 200 OK"
INFO     uvicorn:app.py:74 Prediction took 0.1093 seconds
INFO     httpx:_client.py:1038 HTTP Request: POST http://testserver/predict "HTTP/1.1 200 OK"
INFO     uvicorn:app.py:74 Prediction took 0.1111 seconds
INFO     httpx:_client.py:1038 HTTP Request: POST http://testserver/predict "HTTP/1.1 200 OK"
INFO     uvicorn:app.py:74 Prediction took 0.1083 seconds
INFO     httpx:_client.py:1038 HTTP Request: POST http://testserver/predict "HTTP/1.1 200 OK"
INFO     uvicorn:app.py:74 Prediction took 0.1132 seconds
INFO     httpx:_client.py:1038 HTTP Request: POST http://testserver/predict "HTTP/1.1 200 OK"
INFO     uvicorn:app.py:74 Prediction took 0.1076 seconds
INFO     httpx:_client.py:1038 HTTP Request: POST http://testserver/predict "HTTP/1.1 200 OK"
INFO     uvicorn:app.py:74 Prediction took 0.1075 seconds
INFO     httpx:_client.py:1038 HTTP Request: POST http://testserver/predict "HTTP/1.1 200 OK"
INFO     uvicorn:app.py:74 Prediction took 0.1087 seconds
INFO     httpx:_client.py:1038 HTTP Request: POST http://testserver/predict "HTTP/1.1 200 OK"
INFO     uvicorn:app.py:74 Prediction took 0.1119 seconds
INFO     httpx:_client.py:1038 HTTP Request: POST http://testserver/predict "HTTP/1.1 200 OK"
INFO     uvicorn:app.py:74 Prediction took 0.1064 seconds
INFO     httpx:_client.py:1038 HTTP Request: POST http://testserver/predict "HTTP/1.1 200 OK"
INFO     uvicorn:app.py:74 Prediction took 0.1113 seconds
INFO     httpx:_client.py:1038 HTTP Request: POST http://testserver/predict "HTTP/1.1 200 OK"
INFO     uvicorn:app.py:74 Prediction took 0.1107 seconds
INFO     httpx:_client.py:1038 HTTP Request: POST http://testserver/predict "HTTP/1.1 200 OK"
INFO     uvicorn:app.py:74 Prediction took 0.1085 seconds
INFO     httpx:_client.py:1038 HTTP Request: POST http://testserver/predict "HTTP/1.1 200 OK"
INFO     uvicorn:app.py:74 Prediction took 0.1144 seconds
INFO     httpx:_client.py:1038 HTTP Request: POST http://testserver/predict "HTTP/1.1 200 OK"
INFO     uvicorn:app.py:74 Prediction took 0.1116 seconds
INFO     httpx:_client.py:1038 HTTP Request: POST http://testserver/predict "HTTP/1.1 200 OK"
INFO     uvicorn:app.py:74 Prediction took 0.1104 seconds
INFO     httpx:_client.py:1038 HTTP Request: POST http://testserver/predict "HTTP/1.1 200 OK"
INFO     uvicorn:app.py:74 Prediction took 0.1164 seconds
INFO     httpx:_client.py:1038 HTTP Request: POST http://testserver/predict "HTTP/1.1 200 OK"
INFO     uvicorn:app.py:74 Prediction took 0.1115 seconds
INFO     httpx:_client.py:1038 HTTP Request: POST http://testserver/predict "HTTP/1.1 200 OK"
INFO     uvicorn:app.py:74 Prediction took 0.1061 seconds
INFO     httpx:_client.py:1038 HTTP Request: POST http://testserver/predict "HTTP/1.1 200 OK"
INFO     uvicorn:app.py:74 Prediction took 0.1057 seconds
INFO     httpx:_client.py:1038 HTTP Request: POST http://testserver/predict "HTTP/1.1 200 OK"
INFO     uvicorn:app.py:74 Prediction took 0.1061 seconds
INFO     httpx:_client.py:1038 HTTP Request: POST http://testserver/predict "HTTP/1.1 200 OK"
INFO     uvicorn:app.py:74 Prediction took 0.1070 seconds
INFO     httpx:_client.py:1038 HTTP Request: POST http://testserver/predict "HTTP/1.1 200 OK"
INFO     uvicorn:app.py:74 Prediction took 0.1186 seconds
INFO     httpx:_client.py:1038 HTTP Request: POST http://testserver/predict "HTTP/1.1 200 OK"
INFO     uvicorn:app.py:74 Prediction took 0.1070 seconds
INFO     httpx:_client.py:1038 HTTP Request: POST http://testserver/predict "HTTP/1.1 200 OK"
INFO     uvicorn:app.py:74 Prediction took 0.1089 seconds
INFO     httpx:_client.py:1038 HTTP Request: POST http://testserver/predict "HTTP/1.1 200 OK"
INFO     uvicorn:app.py:74 Prediction took 0.1113 seconds
INFO     httpx:_client.py:1038 HTTP Request: POST http://testserver/predict "HTTP/1.1 200 OK"
INFO     uvicorn:app.py:74 Prediction took 0.1109 seconds
INFO     httpx:_client.py:1038 HTTP Request: POST http://testserver/predict "HTTP/1.1 200 OK"
INFO     uvicorn:app.py:74 Prediction took 0.1077 seconds
INFO     httpx:_client.py:1038 HTTP Request: POST http://testserver/predict "HTTP/1.1 200 OK"
INFO     uvicorn:app.py:74 Prediction took 0.1118 seconds
INFO     httpx:_client.py:1038 HTTP Request: POST http://testserver/predict "HTTP/1.1 200 OK"
INFO     uvicorn:app.py:74 Prediction took 0.1088 seconds
INFO     httpx:_client.py:1038 HTTP Request: POST http://testserver/predict "HTTP/1.1 200 OK"
INFO     uvicorn:app.py:74 Prediction took 0.1106 seconds
INFO     httpx:_client.py:1038 HTTP Request: POST http://testserver/predict "HTTP/1.1 200 OK"
INFO     uvicorn:app.py:74 Prediction took 0.1074 seconds
INFO     httpx:_client.py:1038 HTTP Request: POST http://testserver/predict "HTTP/1.1 200 OK"
INFO     uvicorn:app.py:74 Prediction took 0.1094 seconds
INFO     httpx:_client.py:1038 HTTP Request: POST http://testserver/predict "HTTP/1.1 200 OK"
INFO     uvicorn:app.py:74 Prediction took 0.1065 seconds
INFO     httpx:_client.py:1038 HTTP Request: POST http://testserver/predict "HTTP/1.1 200 OK"
INFO     uvicorn:app.py:74 Prediction took 0.1106 seconds
INFO     httpx:_client.py:1038 HTTP Request: POST http://testserver/predict "HTTP/1.1 200 OK"
INFO     uvicorn:app.py:74 Prediction took 0.1141 seconds
INFO     httpx:_client.py:1038 HTTP Request: POST http://testserver/predict "HTTP/1.1 200 OK"
INFO     uvicorn:app.py:74 Prediction took 0.1064 seconds
INFO     httpx:_client.py:1038 HTTP Request: POST http://testserver/predict "HTTP/1.1 200 OK"
INFO     uvicorn:app.py:74 Prediction took 0.1070 seconds
INFO     httpx:_client.py:1038 HTTP Request: POST http://testserver/predict "HTTP/1.1 200 OK"
INFO     uvicorn:app.py:74 Prediction took 0.1086 seconds
INFO     httpx:_client.py:1038 HTTP Request: POST http://testserver/predict "HTTP/1.1 200 OK"
INFO     uvicorn:app.py:74 Prediction took 0.1119 seconds
INFO     httpx:_client.py:1038 HTTP Request: POST http://testserver/predict "HTTP/1.1 200 OK"
PASSED                                                                   [ 65%]
tests/test_load.py::test_predict_concurrency[request_payload3] 
-------------------------------- live log call ---------------------------------
INFO     uvicorn:app.py:74 Prediction took 0.1135 seconds
INFO     httpx:_client.py:1038 HTTP Request: POST http://testserver/predict "HTTP/1.1 200 OK"
INFO     uvicorn:app.py:74 Prediction took 0.1206 seconds
INFO     httpx:_client.py:1038 HTTP Request: POST http://testserver/predict "HTTP/1.1 200 OK"
INFO     uvicorn:app.py:74 Prediction took 0.1100 seconds
INFO     httpx:_client.py:1038 HTTP Request: POST http://testserver/predict "HTTP/1.1 200 OK"
INFO     uvicorn:app.py:74 Prediction took 0.1078 seconds
INFO     httpx:_client.py:1038 HTTP Request: POST http://testserver/predict "HTTP/1.1 200 OK"
INFO     uvicorn:app.py:74 Prediction took 0.1066 seconds
INFO     httpx:_client.py:1038 HTTP Request: POST http://testserver/predict "HTTP/1.1 200 OK"
INFO     uvicorn:app.py:74 Prediction took 0.1122 seconds
INFO     httpx:_client.py:1038 HTTP Request: POST http://testserver/predict "HTTP/1.1 200 OK"
INFO     uvicorn:app.py:74 Prediction took 0.1144 seconds
INFO     httpx:_client.py:1038 HTTP Request: POST http://testserver/predict "HTTP/1.1 200 OK"
INFO     uvicorn:app.py:74 Prediction took 0.1173 seconds
INFO     httpx:_client.py:1038 HTTP Request: POST http://testserver/predict "HTTP/1.1 200 OK"
INFO     uvicorn:app.py:74 Prediction took 0.1090 seconds
INFO     httpx:_client.py:1038 HTTP Request: POST http://testserver/predict "HTTP/1.1 200 OK"
INFO     uvicorn:app.py:74 Prediction took 0.1082 seconds
INFO     httpx:_client.py:1038 HTTP Request: POST http://testserver/predict "HTTP/1.1 200 OK"
INFO     uvicorn:app.py:74 Prediction took 0.1181 seconds
INFO     httpx:_client.py:1038 HTTP Request: POST http://testserver/predict "HTTP/1.1 200 OK"
INFO     uvicorn:app.py:74 Prediction took 0.1092 seconds
INFO     httpx:_client.py:1038 HTTP Request: POST http://testserver/predict "HTTP/1.1 200 OK"
INFO     uvicorn:app.py:74 Prediction took 0.1077 seconds
INFO     httpx:_client.py:1038 HTTP Request: POST http://testserver/predict "HTTP/1.1 200 OK"
INFO     uvicorn:app.py:74 Prediction took 0.1242 seconds
INFO     httpx:_client.py:1038 HTTP Request: POST http://testserver/predict "HTTP/1.1 200 OK"
INFO     uvicorn:app.py:74 Prediction took 0.1170 seconds
INFO     httpx:_client.py:1038 HTTP Request: POST http://testserver/predict "HTTP/1.1 200 OK"
INFO     uvicorn:app.py:74 Prediction took 0.1138 seconds
INFO     httpx:_client.py:1038 HTTP Request: POST http://testserver/predict "HTTP/1.1 200 OK"
INFO     uvicorn:app.py:74 Prediction took 0.1140 seconds
INFO     httpx:_client.py:1038 HTTP Request: POST http://testserver/predict "HTTP/1.1 200 OK"
INFO     uvicorn:app.py:74 Prediction took 0.1101 seconds
INFO     httpx:_client.py:1038 HTTP Request: POST http://testserver/predict "HTTP/1.1 200 OK"
INFO     uvicorn:app.py:74 Prediction took 0.1152 seconds
INFO     httpx:_client.py:1038 HTTP Request: POST http://testserver/predict "HTTP/1.1 200 OK"
INFO     uvicorn:app.py:74 Prediction took 0.1125 seconds
INFO     httpx:_client.py:1038 HTTP Request: POST http://testserver/predict "HTTP/1.1 200 OK"
INFO     uvicorn:app.py:74 Prediction took 0.1091 seconds
INFO     httpx:_client.py:1038 HTTP Request: POST http://testserver/predict "HTTP/1.1 200 OK"
INFO     uvicorn:app.py:74 Prediction took 0.1068 seconds
INFO     httpx:_client.py:1038 HTTP Request: POST http://testserver/predict "HTTP/1.1 200 OK"
INFO     uvicorn:app.py:74 Prediction took 0.1118 seconds
INFO     httpx:_client.py:1038 HTTP Request: POST http://testserver/predict "HTTP/1.1 200 OK"
INFO     uvicorn:app.py:74 Prediction took 0.1090 seconds
INFO     httpx:_client.py:1038 HTTP Request: POST http://testserver/predict "HTTP/1.1 200 OK"
INFO     uvicorn:app.py:74 Prediction took 0.1151 seconds
INFO     httpx:_client.py:1038 HTTP Request: POST http://testserver/predict "HTTP/1.1 200 OK"
INFO     uvicorn:app.py:74 Prediction took 0.1075 seconds
INFO     httpx:_client.py:1038 HTTP Request: POST http://testserver/predict "HTTP/1.1 200 OK"
INFO     uvicorn:app.py:74 Prediction took 0.1111 seconds
INFO     httpx:_client.py:1038 HTTP Request: POST http://testserver/predict "HTTP/1.1 200 OK"
INFO     uvicorn:app.py:74 Prediction took 0.1070 seconds
INFO     httpx:_client.py:1038 HTTP Request: POST http://testserver/predict "HTTP/1.1 200 OK"
INFO     uvicorn:app.py:74 Prediction took 0.1073 seconds
INFO     httpx:_client.py:1038 HTTP Request: POST http://testserver/predict "HTTP/1.1 200 OK"
INFO     uvicorn:app.py:74 Prediction took 0.1098 seconds
INFO     httpx:_client.py:1038 HTTP Request: POST http://testserver/predict "HTTP/1.1 200 OK"
INFO     uvicorn:app.py:74 Prediction took 0.1093 seconds
INFO     httpx:_client.py:1038 HTTP Request: POST http://testserver/predict "HTTP/1.1 200 OK"
INFO     uvicorn:app.py:74 Prediction took 0.1065 seconds
INFO     httpx:_client.py:1038 HTTP Request: POST http://testserver/predict "HTTP/1.1 200 OK"
INFO     uvicorn:app.py:74 Prediction took 0.1074 seconds
INFO     httpx:_client.py:1038 HTTP Request: POST http://testserver/predict "HTTP/1.1 200 OK"
INFO     uvicorn:app.py:74 Prediction took 0.1118 seconds
INFO     httpx:_client.py:1038 HTTP Request: POST http://testserver/predict "HTTP/1.1 200 OK"
INFO     uvicorn:app.py:74 Prediction took 0.1072 seconds
INFO     httpx:_client.py:1038 HTTP Request: POST http://testserver/predict "HTTP/1.1 200 OK"
INFO     uvicorn:app.py:74 Prediction took 0.1078 seconds
INFO     httpx:_client.py:1038 HTTP Request: POST http://testserver/predict "HTTP/1.1 200 OK"
INFO     uvicorn:app.py:74 Prediction took 0.1155 seconds
INFO     httpx:_client.py:1038 HTTP Request: POST http://testserver/predict "HTTP/1.1 200 OK"
INFO     uvicorn:app.py:74 Prediction took 0.1127 seconds
INFO     httpx:_client.py:1038 HTTP Request: POST http://testserver/predict "HTTP/1.1 200 OK"
INFO     uvicorn:app.py:74 Prediction took 0.1162 seconds
INFO     httpx:_client.py:1038 HTTP Request: POST http://testserver/predict "HTTP/1.1 200 OK"
INFO     uvicorn:app.py:74 Prediction took 0.1069 seconds
INFO     httpx:_client.py:1038 HTTP Request: POST http://testserver/predict "HTTP/1.1 200 OK"
INFO     uvicorn:app.py:74 Prediction took 0.1063 seconds
INFO     httpx:_client.py:1038 HTTP Request: POST http://testserver/predict "HTTP/1.1 200 OK"
INFO     uvicorn:app.py:74 Prediction took 0.1052 seconds
INFO     httpx:_client.py:1038 HTTP Request: POST http://testserver/predict "HTTP/1.1 200 OK"
INFO     uvicorn:app.py:74 Prediction took 0.1117 seconds
INFO     httpx:_client.py:1038 HTTP Request: POST http://testserver/predict "HTTP/1.1 200 OK"
INFO     uvicorn:app.py:74 Prediction took 0.1082 seconds
INFO     httpx:_client.py:1038 HTTP Request: POST http://testserver/predict "HTTP/1.1 200 OK"
INFO     uvicorn:app.py:74 Prediction took 0.1091 seconds
INFO     httpx:_client.py:1038 HTTP Request: POST http://testserver/predict "HTTP/1.1 200 OK"
INFO     uvicorn:app.py:74 Prediction took 0.1074 seconds
INFO     httpx:_client.py:1038 HTTP Request: POST http://testserver/predict "HTTP/1.1 200 OK"
INFO     uvicorn:app.py:74 Prediction took 0.1111 seconds
INFO     httpx:_client.py:1038 HTTP Request: POST http://testserver/predict "HTTP/1.1 200 OK"
INFO     uvicorn:app.py:74 Prediction took 0.1127 seconds
INFO     httpx:_client.py:1038 HTTP Request: POST http://testserver/predict "HTTP/1.1 200 OK"
INFO     uvicorn:app.py:74 Prediction took 0.1143 seconds
INFO     httpx:_client.py:1038 HTTP Request: POST http://testserver/predict "HTTP/1.1 200 OK"
INFO     uvicorn:app.py:74 Prediction took 0.1089 seconds
INFO     httpx:_client.py:1038 HTTP Request: POST http://testserver/predict "HTTP/1.1 200 OK"
INFO     uvicorn:app.py:74 Prediction took 0.1094 seconds
INFO     httpx:_client.py:1038 HTTP Request: POST http://testserver/predict "HTTP/1.1 200 OK"
INFO     uvicorn:app.py:74 Prediction took 0.2633 seconds
INFO     httpx:_client.py:1038 HTTP Request: POST http://testserver/predict "HTTP/1.1 200 OK"
INFO     uvicorn:app.py:74 Prediction took 0.1062 seconds
INFO     httpx:_client.py:1038 HTTP Request: POST http://testserver/predict "HTTP/1.1 200 OK"
INFO     uvicorn:app.py:74 Prediction took 0.0784 seconds
INFO     httpx:_client.py:1038 HTTP Request: POST http://testserver/predict "HTTP/1.1 200 OK"
INFO     uvicorn:app.py:74 Prediction took 0.0980 seconds
INFO     httpx:_client.py:1038 HTTP Request: POST http://testserver/predict "HTTP/1.1 200 OK"
INFO     uvicorn:app.py:74 Prediction took 0.0828 seconds
INFO     httpx:_client.py:1038 HTTP Request: POST http://testserver/predict "HTTP/1.1 200 OK"
INFO     uvicorn:app.py:74 Prediction took 0.0791 seconds
INFO     httpx:_client.py:1038 HTTP Request: POST http://testserver/predict "HTTP/1.1 200 OK"
INFO     uvicorn:app.py:74 Prediction took 0.0814 seconds
INFO     httpx:_client.py:1038 HTTP Request: POST http://testserver/predict "HTTP/1.1 200 OK"
INFO     uvicorn:app.py:74 Prediction took 0.0780 seconds
INFO     httpx:_client.py:1038 HTTP Request: POST http://testserver/predict "HTTP/1.1 200 OK"
INFO     uvicorn:app.py:74 Prediction took 0.0756 seconds
INFO     httpx:_client.py:1038 HTTP Request: POST http://testserver/predict "HTTP/1.1 200 OK"
INFO     uvicorn:app.py:74 Prediction took 0.0844 seconds
INFO     httpx:_client.py:1038 HTTP Request: POST http://testserver/predict "HTTP/1.1 200 OK"
PASSED                                                                   [ 69%]
tests/test_load.py::test_predict_concurrency[request_payload4] 
-------------------------------- live log call ---------------------------------
INFO     uvicorn:app.py:74 Prediction took 0.0868 seconds
INFO     httpx:_client.py:1038 HTTP Request: POST http://testserver/predict "HTTP/1.1 200 OK"
INFO     uvicorn:app.py:74 Prediction took 0.0849 seconds
INFO     httpx:_client.py:1038 HTTP Request: POST http://testserver/predict "HTTP/1.1 200 OK"
INFO     uvicorn:app.py:74 Prediction took 0.0769 seconds
INFO     httpx:_client.py:1038 HTTP Request: POST http://testserver/predict "HTTP/1.1 200 OK"
INFO     uvicorn:app.py:74 Prediction took 0.0741 seconds
INFO     httpx:_client.py:1038 HTTP Request: POST http://testserver/predict "HTTP/1.1 200 OK"
INFO     uvicorn:app.py:74 Prediction took 0.0758 seconds
INFO     httpx:_client.py:1038 HTTP Request: POST http://testserver/predict "HTTP/1.1 200 OK"
INFO     uvicorn:app.py:74 Prediction took 0.0966 seconds
INFO     httpx:_client.py:1038 HTTP Request: POST http://testserver/predict "HTTP/1.1 200 OK"
INFO     uvicorn:app.py:74 Prediction took 0.0764 seconds
INFO     httpx:_client.py:1038 HTTP Request: POST http://testserver/predict "HTTP/1.1 200 OK"
INFO     uvicorn:app.py:74 Prediction took 0.0770 seconds
INFO     httpx:_client.py:1038 HTTP Request: POST http://testserver/predict "HTTP/1.1 200 OK"
INFO     uvicorn:app.py:74 Prediction took 0.0773 seconds
INFO     httpx:_client.py:1038 HTTP Request: POST http://testserver/predict "HTTP/1.1 200 OK"
INFO     uvicorn:app.py:74 Prediction took 0.0785 seconds
INFO     httpx:_client.py:1038 HTTP Request: POST http://testserver/predict "HTTP/1.1 200 OK"
INFO     uvicorn:app.py:74 Prediction took 0.0758 seconds
INFO     httpx:_client.py:1038 HTTP Request: POST http://testserver/predict "HTTP/1.1 200 OK"
INFO     uvicorn:app.py:74 Prediction took 0.0761 seconds
INFO     httpx:_client.py:1038 HTTP Request: POST http://testserver/predict "HTTP/1.1 200 OK"
INFO     uvicorn:app.py:74 Prediction took 0.0753 seconds
INFO     httpx:_client.py:1038 HTTP Request: POST http://testserver/predict "HTTP/1.1 200 OK"
INFO     uvicorn:app.py:74 Prediction took 0.0777 seconds
INFO     httpx:_client.py:1038 HTTP Request: POST http://testserver/predict "HTTP/1.1 200 OK"
INFO     uvicorn:app.py:74 Prediction took 0.0762 seconds
INFO     httpx:_client.py:1038 HTTP Request: POST http://testserver/predict "HTTP/1.1 200 OK"
INFO     uvicorn:app.py:74 Prediction took 0.0802 seconds
INFO     httpx:_client.py:1038 HTTP Request: POST http://testserver/predict "HTTP/1.1 200 OK"
INFO     uvicorn:app.py:74 Prediction took 0.0817 seconds
INFO     httpx:_client.py:1038 HTTP Request: POST http://testserver/predict "HTTP/1.1 200 OK"
INFO     uvicorn:app.py:74 Prediction took 0.0843 seconds
INFO     httpx:_client.py:1038 HTTP Request: POST http://testserver/predict "HTTP/1.1 200 OK"
INFO     uvicorn:app.py:74 Prediction took 0.0875 seconds
INFO     httpx:_client.py:1038 HTTP Request: POST http://testserver/predict "HTTP/1.1 200 OK"
INFO     uvicorn:app.py:74 Prediction took 0.1001 seconds
INFO     httpx:_client.py:1038 HTTP Request: POST http://testserver/predict "HTTP/1.1 200 OK"
INFO     uvicorn:app.py:74 Prediction took 0.1018 seconds
INFO     httpx:_client.py:1038 HTTP Request: POST http://testserver/predict "HTTP/1.1 200 OK"
INFO     uvicorn:app.py:74 Prediction took 0.0900 seconds
INFO     httpx:_client.py:1038 HTTP Request: POST http://testserver/predict "HTTP/1.1 200 OK"
INFO     uvicorn:app.py:74 Prediction took 0.0819 seconds
INFO     httpx:_client.py:1038 HTTP Request: POST http://testserver/predict "HTTP/1.1 200 OK"
INFO     uvicorn:app.py:74 Prediction took 0.0824 seconds
INFO     httpx:_client.py:1038 HTTP Request: POST http://testserver/predict "HTTP/1.1 200 OK"
INFO     uvicorn:app.py:74 Prediction took 0.0879 seconds
INFO     httpx:_client.py:1038 HTTP Request: POST http://testserver/predict "HTTP/1.1 200 OK"
INFO     uvicorn:app.py:74 Prediction took 0.0837 seconds
INFO     httpx:_client.py:1038 HTTP Request: POST http://testserver/predict "HTTP/1.1 200 OK"
INFO     uvicorn:app.py:74 Prediction took 0.0815 seconds
INFO     httpx:_client.py:1038 HTTP Request: POST http://testserver/predict "HTTP/1.1 200 OK"
INFO     uvicorn:app.py:74 Prediction took 0.0855 seconds
INFO     httpx:_client.py:1038 HTTP Request: POST http://testserver/predict "HTTP/1.1 200 OK"
INFO     uvicorn:app.py:74 Prediction took 0.0838 seconds
INFO     httpx:_client.py:1038 HTTP Request: POST http://testserver/predict "HTTP/1.1 200 OK"
INFO     uvicorn:app.py:74 Prediction took 0.0861 seconds
INFO     httpx:_client.py:1038 HTTP Request: POST http://testserver/predict "HTTP/1.1 200 OK"
INFO     uvicorn:app.py:74 Prediction took 0.0864 seconds
INFO     httpx:_client.py:1038 HTTP Request: POST http://testserver/predict "HTTP/1.1 200 OK"
INFO     uvicorn:app.py:74 Prediction took 0.0881 seconds
INFO     httpx:_client.py:1038 HTTP Request: POST http://testserver/predict "HTTP/1.1 200 OK"
INFO     uvicorn:app.py:74 Prediction took 0.0859 seconds
INFO     httpx:_client.py:1038 HTTP Request: POST http://testserver/predict "HTTP/1.1 200 OK"
INFO     uvicorn:app.py:74 Prediction took 0.0937 seconds
INFO     httpx:_client.py:1038 HTTP Request: POST http://testserver/predict "HTTP/1.1 200 OK"
INFO     uvicorn:app.py:74 Prediction took 0.1102 seconds
INFO     httpx:_client.py:1038 HTTP Request: POST http://testserver/predict "HTTP/1.1 200 OK"
INFO     uvicorn:app.py:74 Prediction took 0.1131 seconds
INFO     httpx:_client.py:1038 HTTP Request: POST http://testserver/predict "HTTP/1.1 200 OK"
INFO     uvicorn:app.py:74 Prediction took 0.1001 seconds
INFO     httpx:_client.py:1038 HTTP Request: POST http://testserver/predict "HTTP/1.1 200 OK"
INFO     uvicorn:app.py:74 Prediction took 0.0833 seconds
INFO     httpx:_client.py:1038 HTTP Request: POST http://testserver/predict "HTTP/1.1 200 OK"
INFO     uvicorn:app.py:74 Prediction took 0.0854 seconds
INFO     httpx:_client.py:1038 HTTP Request: POST http://testserver/predict "HTTP/1.1 200 OK"
INFO     uvicorn:app.py:74 Prediction took 0.0829 seconds
INFO     httpx:_client.py:1038 HTTP Request: POST http://testserver/predict "HTTP/1.1 200 OK"
INFO     uvicorn:app.py:74 Prediction took 0.0852 seconds
INFO     httpx:_client.py:1038 HTTP Request: POST http://testserver/predict "HTTP/1.1 200 OK"
INFO     uvicorn:app.py:74 Prediction took 0.0948 seconds
INFO     httpx:_client.py:1038 HTTP Request: POST http://testserver/predict "HTTP/1.1 200 OK"
INFO     uvicorn:app.py:74 Prediction took 0.0881 seconds
INFO     httpx:_client.py:1038 HTTP Request: POST http://testserver/predict "HTTP/1.1 200 OK"
INFO     uvicorn:app.py:74 Prediction took 0.0875 seconds
INFO     httpx:_client.py:1038 HTTP Request: POST http://testserver/predict "HTTP/1.1 200 OK"
INFO     uvicorn:app.py:74 Prediction took 0.0935 seconds
INFO     httpx:_client.py:1038 HTTP Request: POST http://testserver/predict "HTTP/1.1 200 OK"
INFO     uvicorn:app.py:74 Prediction took 0.1013 seconds
INFO     httpx:_client.py:1038 HTTP Request: POST http://testserver/predict "HTTP/1.1 200 OK"
INFO     uvicorn:app.py:74 Prediction took 0.0982 seconds
INFO     httpx:_client.py:1038 HTTP Request: POST http://testserver/predict "HTTP/1.1 200 OK"
INFO     uvicorn:app.py:74 Prediction took 0.0856 seconds
INFO     httpx:_client.py:1038 HTTP Request: POST http://testserver/predict "HTTP/1.1 200 OK"
INFO     uvicorn:app.py:74 Prediction took 0.0880 seconds
INFO     httpx:_client.py:1038 HTTP Request: POST http://testserver/predict "HTTP/1.1 200 OK"
INFO     uvicorn:app.py:74 Prediction took 0.0877 seconds
INFO     httpx:_client.py:1038 HTTP Request: POST http://testserver/predict "HTTP/1.1 200 OK"
INFO     uvicorn:app.py:74 Prediction took 0.0906 seconds
INFO     httpx:_client.py:1038 HTTP Request: POST http://testserver/predict "HTTP/1.1 200 OK"
INFO     uvicorn:app.py:74 Prediction took 0.0873 seconds
INFO     httpx:_client.py:1038 HTTP Request: POST http://testserver/predict "HTTP/1.1 200 OK"
INFO     uvicorn:app.py:74 Prediction took 0.0859 seconds
INFO     httpx:_client.py:1038 HTTP Request: POST http://testserver/predict "HTTP/1.1 200 OK"
INFO     uvicorn:app.py:74 Prediction took 0.0871 seconds
INFO     httpx:_client.py:1038 HTTP Request: POST http://testserver/predict "HTTP/1.1 200 OK"
INFO     uvicorn:app.py:74 Prediction took 0.0852 seconds
INFO     httpx:_client.py:1038 HTTP Request: POST http://testserver/predict "HTTP/1.1 200 OK"
INFO     uvicorn:app.py:74 Prediction took 0.0847 seconds
INFO     httpx:_client.py:1038 HTTP Request: POST http://testserver/predict "HTTP/1.1 200 OK"
INFO     uvicorn:app.py:74 Prediction took 0.0915 seconds
INFO     httpx:_client.py:1038 HTTP Request: POST http://testserver/predict "HTTP/1.1 200 OK"
INFO     uvicorn:app.py:74 Prediction took 0.0870 seconds
INFO     httpx:_client.py:1038 HTTP Request: POST http://testserver/predict "HTTP/1.1 200 OK"
INFO     uvicorn:app.py:74 Prediction took 0.0851 seconds
INFO     httpx:_client.py:1038 HTTP Request: POST http://testserver/predict "HTTP/1.1 200 OK"
INFO     uvicorn:app.py:74 Prediction took 0.0874 seconds
INFO     httpx:_client.py:1038 HTTP Request: POST http://testserver/predict "HTTP/1.1 200 OK"
INFO     uvicorn:app.py:74 Prediction took 0.0847 seconds
INFO     httpx:_client.py:1038 HTTP Request: POST http://testserver/predict "HTTP/1.1 200 OK"
PASSED                                                                   [ 73%]
tests/test_load.py::test_predict_concurrency[request_payload5] 
-------------------------------- live log call ---------------------------------
INFO     uvicorn:app.py:74 Prediction took 0.0859 seconds
INFO     httpx:_client.py:1038 HTTP Request: POST http://testserver/predict "HTTP/1.1 200 OK"
INFO     uvicorn:app.py:74 Prediction took 0.0918 seconds
INFO     httpx:_client.py:1038 HTTP Request: POST http://testserver/predict "HTTP/1.1 200 OK"
INFO     uvicorn:app.py:74 Prediction took 0.0925 seconds
INFO     httpx:_client.py:1038 HTTP Request: POST http://testserver/predict "HTTP/1.1 200 OK"
INFO     uvicorn:app.py:74 Prediction took 0.0946 seconds
INFO     httpx:_client.py:1038 HTTP Request: POST http://testserver/predict "HTTP/1.1 200 OK"
INFO     uvicorn:app.py:74 Prediction took 0.1069 seconds
INFO     httpx:_client.py:1038 HTTP Request: POST http://testserver/predict "HTTP/1.1 200 OK"
INFO     uvicorn:app.py:74 Prediction took 0.0904 seconds
INFO     httpx:_client.py:1038 HTTP Request: POST http://testserver/predict "HTTP/1.1 200 OK"
INFO     uvicorn:app.py:74 Prediction took 0.0942 seconds
INFO     httpx:_client.py:1038 HTTP Request: POST http://testserver/predict "HTTP/1.1 200 OK"
INFO     uvicorn:app.py:74 Prediction took 0.0917 seconds
INFO     httpx:_client.py:1038 HTTP Request: POST http://testserver/predict "HTTP/1.1 200 OK"
INFO     uvicorn:app.py:74 Prediction took 0.0881 seconds
INFO     httpx:_client.py:1038 HTTP Request: POST http://testserver/predict "HTTP/1.1 200 OK"
INFO     uvicorn:app.py:74 Prediction took 0.0889 seconds
INFO     httpx:_client.py:1038 HTTP Request: POST http://testserver/predict "HTTP/1.1 200 OK"
INFO     uvicorn:app.py:74 Prediction took 0.0954 seconds
INFO     httpx:_client.py:1038 HTTP Request: POST http://testserver/predict "HTTP/1.1 200 OK"
INFO     uvicorn:app.py:74 Prediction took 0.0875 seconds
INFO     httpx:_client.py:1038 HTTP Request: POST http://testserver/predict "HTTP/1.1 200 OK"
INFO     uvicorn:app.py:74 Prediction took 0.0940 seconds
INFO     httpx:_client.py:1038 HTTP Request: POST http://testserver/predict "HTTP/1.1 200 OK"
INFO     uvicorn:app.py:74 Prediction took 0.0900 seconds
INFO     httpx:_client.py:1038 HTTP Request: POST http://testserver/predict "HTTP/1.1 200 OK"
INFO     uvicorn:app.py:74 Prediction took 0.0894 seconds
INFO     httpx:_client.py:1038 HTTP Request: POST http://testserver/predict "HTTP/1.1 200 OK"
INFO     uvicorn:app.py:74 Prediction took 0.0936 seconds
INFO     httpx:_client.py:1038 HTTP Request: POST http://testserver/predict "HTTP/1.1 200 OK"
INFO     uvicorn:app.py:74 Prediction took 0.0941 seconds
INFO     httpx:_client.py:1038 HTTP Request: POST http://testserver/predict "HTTP/1.1 200 OK"
INFO     uvicorn:app.py:74 Prediction took 0.0974 seconds
INFO     httpx:_client.py:1038 HTTP Request: POST http://testserver/predict "HTTP/1.1 200 OK"
INFO     uvicorn:app.py:74 Prediction took 0.0956 seconds
INFO     httpx:_client.py:1038 HTTP Request: POST http://testserver/predict "HTTP/1.1 200 OK"
INFO     uvicorn:app.py:74 Prediction took 0.0947 seconds
INFO     httpx:_client.py:1038 HTTP Request: POST http://testserver/predict "HTTP/1.1 200 OK"
INFO     uvicorn:app.py:74 Prediction took 0.0937 seconds
INFO     httpx:_client.py:1038 HTTP Request: POST http://testserver/predict "HTTP/1.1 200 OK"
INFO     uvicorn:app.py:74 Prediction took 0.0910 seconds
INFO     httpx:_client.py:1038 HTTP Request: POST http://testserver/predict "HTTP/1.1 200 OK"
INFO     uvicorn:app.py:74 Prediction took 0.0963 seconds
INFO     httpx:_client.py:1038 HTTP Request: POST http://testserver/predict "HTTP/1.1 200 OK"
INFO     uvicorn:app.py:74 Prediction took 0.1163 seconds
INFO     httpx:_client.py:1038 HTTP Request: POST http://testserver/predict "HTTP/1.1 200 OK"
INFO     uvicorn:app.py:74 Prediction took 0.1123 seconds
INFO     httpx:_client.py:1038 HTTP Request: POST http://testserver/predict "HTTP/1.1 200 OK"
INFO     uvicorn:app.py:74 Prediction took 0.1081 seconds
INFO     httpx:_client.py:1038 HTTP Request: POST http://testserver/predict "HTTP/1.1 200 OK"
INFO     uvicorn:app.py:74 Prediction took 0.1153 seconds
INFO     httpx:_client.py:1038 HTTP Request: POST http://testserver/predict "HTTP/1.1 200 OK"
INFO     uvicorn:app.py:74 Prediction took 0.1231 seconds
INFO     httpx:_client.py:1038 HTTP Request: POST http://testserver/predict "HTTP/1.1 200 OK"
INFO     uvicorn:app.py:74 Prediction took 0.1175 seconds
INFO     httpx:_client.py:1038 HTTP Request: POST http://testserver/predict "HTTP/1.1 200 OK"
INFO     uvicorn:app.py:74 Prediction took 0.1125 seconds
INFO     httpx:_client.py:1038 HTTP Request: POST http://testserver/predict "HTTP/1.1 200 OK"
INFO     uvicorn:app.py:74 Prediction took 0.1078 seconds
INFO     httpx:_client.py:1038 HTTP Request: POST http://testserver/predict "HTTP/1.1 200 OK"
INFO     uvicorn:app.py:74 Prediction took 0.1083 seconds
INFO     httpx:_client.py:1038 HTTP Request: POST http://testserver/predict "HTTP/1.1 200 OK"
INFO     uvicorn:app.py:74 Prediction took 0.1096 seconds
INFO     httpx:_client.py:1038 HTTP Request: POST http://testserver/predict "HTTP/1.1 200 OK"
INFO     uvicorn:app.py:74 Prediction took 0.1074 seconds
INFO     httpx:_client.py:1038 HTTP Request: POST http://testserver/predict "HTTP/1.1 200 OK"
INFO     uvicorn:app.py:74 Prediction took 0.1130 seconds
INFO     httpx:_client.py:1038 HTTP Request: POST http://testserver/predict "HTTP/1.1 200 OK"
INFO     uvicorn:app.py:74 Prediction took 0.2666 seconds
INFO     httpx:_client.py:1038 HTTP Request: POST http://testserver/predict "HTTP/1.1 200 OK"
INFO     uvicorn:app.py:74 Prediction took 0.1185 seconds
INFO     httpx:_client.py:1038 HTTP Request: POST http://testserver/predict "HTTP/1.1 200 OK"
INFO     uvicorn:app.py:74 Prediction took 0.1171 seconds
INFO     httpx:_client.py:1038 HTTP Request: POST http://testserver/predict "HTTP/1.1 200 OK"
INFO     uvicorn:app.py:74 Prediction took 0.1177 seconds
INFO     httpx:_client.py:1038 HTTP Request: POST http://testserver/predict "HTTP/1.1 200 OK"
INFO     uvicorn:app.py:74 Prediction took 0.1173 seconds
INFO     httpx:_client.py:1038 HTTP Request: POST http://testserver/predict "HTTP/1.1 200 OK"
INFO     uvicorn:app.py:74 Prediction took 0.1258 seconds
INFO     httpx:_client.py:1038 HTTP Request: POST http://testserver/predict "HTTP/1.1 200 OK"
INFO     uvicorn:app.py:74 Prediction took 0.1208 seconds
INFO     httpx:_client.py:1038 HTTP Request: POST http://testserver/predict "HTTP/1.1 200 OK"
INFO     uvicorn:app.py:74 Prediction took 0.1184 seconds
INFO     httpx:_client.py:1038 HTTP Request: POST http://testserver/predict "HTTP/1.1 200 OK"
INFO     uvicorn:app.py:74 Prediction took 0.1213 seconds
INFO     httpx:_client.py:1038 HTTP Request: POST http://testserver/predict "HTTP/1.1 200 OK"
INFO     uvicorn:app.py:74 Prediction took 0.1248 seconds
INFO     httpx:_client.py:1038 HTTP Request: POST http://testserver/predict "HTTP/1.1 200 OK"
INFO     uvicorn:app.py:74 Prediction took 0.1172 seconds
INFO     httpx:_client.py:1038 HTTP Request: POST http://testserver/predict "HTTP/1.1 200 OK"
INFO     uvicorn:app.py:74 Prediction took 0.1165 seconds
INFO     httpx:_client.py:1038 HTTP Request: POST http://testserver/predict "HTTP/1.1 200 OK"
INFO     uvicorn:app.py:74 Prediction took 0.1156 seconds
INFO     httpx:_client.py:1038 HTTP Request: POST http://testserver/predict "HTTP/1.1 200 OK"
INFO     uvicorn:app.py:74 Prediction took 0.1149 seconds
INFO     httpx:_client.py:1038 HTTP Request: POST http://testserver/predict "HTTP/1.1 200 OK"
INFO     uvicorn:app.py:74 Prediction took 0.1161 seconds
INFO     httpx:_client.py:1038 HTTP Request: POST http://testserver/predict "HTTP/1.1 200 OK"
INFO     uvicorn:app.py:74 Prediction took 0.1144 seconds
INFO     httpx:_client.py:1038 HTTP Request: POST http://testserver/predict "HTTP/1.1 200 OK"
INFO     uvicorn:app.py:74 Prediction took 0.1117 seconds
INFO     httpx:_client.py:1038 HTTP Request: POST http://testserver/predict "HTTP/1.1 200 OK"
INFO     uvicorn:app.py:74 Prediction took 0.1130 seconds
INFO     httpx:_client.py:1038 HTTP Request: POST http://testserver/predict "HTTP/1.1 200 OK"
INFO     uvicorn:app.py:74 Prediction took 0.1235 seconds
INFO     httpx:_client.py:1038 HTTP Request: POST http://testserver/predict "HTTP/1.1 200 OK"
INFO     uvicorn:app.py:74 Prediction took 0.1128 seconds
INFO     httpx:_client.py:1038 HTTP Request: POST http://testserver/predict "HTTP/1.1 200 OK"
INFO     uvicorn:app.py:74 Prediction took 0.1166 seconds
INFO     httpx:_client.py:1038 HTTP Request: POST http://testserver/predict "HTTP/1.1 200 OK"
INFO     uvicorn:app.py:74 Prediction took 0.1110 seconds
INFO     httpx:_client.py:1038 HTTP Request: POST http://testserver/predict "HTTP/1.1 200 OK"
INFO     uvicorn:app.py:74 Prediction took 0.1151 seconds
INFO     httpx:_client.py:1038 HTTP Request: POST http://testserver/predict "HTTP/1.1 200 OK"
INFO     uvicorn:app.py:74 Prediction took 0.1131 seconds
INFO     httpx:_client.py:1038 HTTP Request: POST http://testserver/predict "HTTP/1.1 200 OK"
INFO     uvicorn:app.py:74 Prediction took 0.1204 seconds
INFO     httpx:_client.py:1038 HTTP Request: POST http://testserver/predict "HTTP/1.1 200 OK"
INFO     uvicorn:app.py:74 Prediction took 0.1126 seconds
INFO     httpx:_client.py:1038 HTTP Request: POST http://testserver/predict "HTTP/1.1 200 OK"
PASSED                                                                   [ 78%]
tests/test_units.py::test_predict[I love this!-positive-love] PASSED     [ 82%]
tests/test_units.py::test_predict[This is terrible.-negative-terrible] FAILED [ 86%]
tests/test_units.py::test_predict[It's okay, nothing special.-neutral-okay] FAILED [ 91%]
tests/test_units.py::test_predict[-positive-] PASSED                     [ 95%]
tests/test_units.py::test_predict[This product is amazing!-invalid_sentiment-None] PASSED [100%]

=================================== FAILURES ===================================
______________ test_predict[This is terrible.-negative-terrible] _______________

text = 'This is terrible.', sentiment = 'negative', expected = 'terrible'

    @pytest.mark.parametrize("text,sentiment,expected", [
        ("I love this!", "positive", "love"),
        ("This is terrible.", "negative", "terrible"),
        ("It's okay, nothing special.", "neutral", "okay"),
        ("", "positive", ""),  # Edge case: empty text
        ("This product is amazing!", "invalid_sentiment", None)  # Edge case: invalid sentiment
    ])
    def test_predict(text, sentiment, expected):
        try:
            result = model.predict(text, sentiment)
            if sentiment == "invalid_sentiment":
                assert result is None
            else:
>               assert expected.lower() in result.lower()
E               AssertionError: assert 'terrible' in ''
E                +  where 'terrible' = <built-in method lower of str object at 0x7f9123bc36b0>()
E                +    where <built-in method lower of str object at 0x7f9123bc36b0> = 'terrible'.lower
E                +  and   '' = <built-in method lower of str object at 0x7f93040926f0>()
E                +    where <built-in method lower of str object at 0x7f93040926f0> = ''.lower

tests/test_units.py:36: AssertionError
____________ test_predict[It's okay, nothing special.-neutral-okay] ____________

text = "It's okay, nothing special.", sentiment = 'neutral', expected = 'okay'

    @pytest.mark.parametrize("text,sentiment,expected", [
        ("I love this!", "positive", "love"),
        ("This is terrible.", "negative", "terrible"),
        ("It's okay, nothing special.", "neutral", "okay"),
        ("", "positive", ""),  # Edge case: empty text
        ("This product is amazing!", "invalid_sentiment", None)  # Edge case: invalid sentiment
    ])
    def test_predict(text, sentiment, expected):
        try:
            result = model.predict(text, sentiment)
            if sentiment == "invalid_sentiment":
                assert result is None
            else:
>               assert expected.lower() in result.lower()
E               AssertionError: assert 'okay' in 'nothing special.'
E                +  where 'okay' = <built-in method lower of str object at 0x7f9265df2cb0>()
E                +    where <built-in method lower of str object at 0x7f9265df2cb0> = 'okay'.lower
E                +  and   'nothing special.' = <built-in method lower of str object at 0x7f914f3005d0>()
E                +    where <built-in method lower of str object at 0x7f914f3005d0> = 'nothing special.'.lower

tests/test_units.py:36: AssertionError

-------------------------------------------------------------------------------------- benchmark 'concurrency_test': 6 tests ---------------------------------------------------------------------------------------
Name (time in ms)                                   Min                 Max                Mean             StdDev              Median                IQR            Outliers      OPS            Rounds  Iterations
--------------------------------------------------------------------------------------------------------------------------------------------------------------------------------------------------------------------
test_predict_concurrency[request_payload4]      84.2935 (1.0)       95.8250 (1.0)       90.7231 (1.0)       4.4665 (3.15)      90.2301 (1.0)       6.3245 (4.52)          2;0  11.0225 (1.0)           5          10
test_predict_concurrency[request_payload1]     108.9108 (1.29)     115.1750 (1.20)     111.1931 (1.23)      2.5140 (1.77)     111.0314 (1.23)      3.4055 (2.43)          1;0   8.9934 (0.82)          5          10
test_predict_concurrency[request_payload2]     109.6069 (1.30)     113.4890 (1.18)     111.8466 (1.23)      1.4175 (1.0)      111.8791 (1.24)      1.3989 (1.0)           2;0   8.9408 (0.81)          5          10
test_predict_concurrency[request_payload3]     108.2462 (1.28)     117.1788 (1.22)     112.6812 (1.24)      3.1679 (2.23)     112.4623 (1.25)      2.6894 (1.92)          2;0   8.8746 (0.81)          5          10
test_predict_concurrency[request_payload5]      96.1401 (1.14)     131.3655 (1.37)     115.8997 (1.28)     13.1718 (9.29)     118.1772 (1.31)     16.8232 (12.03)         2;0   8.6282 (0.78)          5          10
test_predict_concurrency[request_payload0]     113.1908 (1.34)     120.9404 (1.26)     116.8259 (1.29)      3.1340 (2.21)     117.1504 (1.30)      5.0690 (3.62)          2;0   8.5597 (0.78)          5          10
--------------------------------------------------------------------------------------------------------------------------------------------------------------------------------------------------------------------

-------------------------------------------------------------------------------------- benchmark 'load_test': 6 tests -------------------------------------------------------------------------------------
Name (time in ms)                           Min                 Max                Mean             StdDev             Median                IQR            Outliers      OPS            Rounds  Iterations
-----------------------------------------------------------------------------------------------------------------------------------------------------------------------------------------------------------
test_predict_load[request_payload0]     82.9859 (1.0)       92.3397 (1.0)       86.2086 (1.0)       2.4679 (1.18)     85.7445 (1.0)       2.6901 (1.17)          3;1  11.5998 (1.0)          13           1
test_predict_load[request_payload4]     84.1876 (1.01)      92.8347 (1.01)      87.5074 (1.02)      2.5454 (1.22)     86.9149 (1.01)      3.6420 (1.59)          4;0  11.4276 (0.99)         12           1
test_predict_load[request_payload1]     86.8555 (1.05)      94.3606 (1.02)      89.3792 (1.04)      2.0881 (1.0)      88.9067 (1.04)      2.2939 (1.0)           2;1  11.1883 (0.96)         11           1
test_predict_load[request_payload2]     88.6085 (1.07)      97.1031 (1.05)      92.2464 (1.07)      2.6056 (1.25)     92.0434 (1.07)      3.6149 (1.58)          3;0  10.8405 (0.93)         11           1
test_predict_load[request_payload5]     84.6155 (1.02)     109.0044 (1.18)      93.9893 (1.09)      9.6658 (4.63)     89.0871 (1.04)     18.1258 (7.90)          3;0  10.6395 (0.92)         10           1
test_predict_load[request_payload3]     91.5181 (1.10)     178.4614 (1.93)     103.2763 (1.20)     25.1847 (12.06)    94.4418 (1.10)      5.4733 (2.39)          1;1   9.6828 (0.83)         11           1
-----------------------------------------------------------------------------------------------------------------------------------------------------------------------------------------------------------

------------------------------------ benchmark 'prediction_latency': 1 tests -------------------------------------
Name (time in ms)            Min      Max     Mean  StdDev   Median     IQR  Outliers      OPS  Rounds  Iterations
------------------------------------------------------------------------------------------------------------------
test_predict_latency     75.2745  91.8175  79.5598  4.4007  78.5243  2.4936       1;1  12.5692      12           1
------------------------------------------------------------------------------------------------------------------

Legend:
  Outliers: 1 Standard Deviation from Mean; 1.5 IQR (InterQuartile Range) from 1st Quartile and 3rd Quartile.
  OPS: Operations Per Second, computed as 1 / Mean
=========================== short test summary info ============================
FAILED tests/test_units.py::test_predict[This is terrible.-negative-terrible]
FAILED tests/test_units.py::test_predict[It's okay, nothing special.-neutral-okay]
======================== 2 failed, 21 passed in 57.02s =========================
